[PERF-139] G9 폴백 지연 재측정 — 2026-08-22 · 라운드 3-I
================================================================
머신: darwin 25.5.0 · node v22.22.2 · 다른 부하 없음(감정자 전원 종료 후)
저널: 100,002줄 · 15MB · 턴로그 90% + 상태 전이 10%(제품이 상정한 현실 분포)
열화 = `.harness/state.json` 삭제(저널 재생 폴백 경로)
입력: pre-tool `{"tool_name":"Bash","tool_input":{"command":"ls"}}` · n=30

--- 표면 A: 프로세스 wall-time (`node core/dist/cli.js hook pre-tool`) -----------
정상(state.json 있음)      n=30 p50=127ms p95=133ms max=136ms
열화(저널 재생 폴백)        n=30 p50=159ms p95=162ms max=165ms
정상 재확인(드리프트 통제)  n=30 p50=129ms p95=136ms max=142ms
→ 폴백이 **더하는** 비용: p50 +32ms · p95 +29ms

--- 표면 B: 인프로세스 (`handleHook(root, 'pre-tool', input)` 직접 호출) --------
정상                        n=30 p50=0.9ms  p95=2.6ms  max=6.7ms
열화(저널 재생 폴백)        n=30 p50=13.4ms p95=18.9ms max=20.1ms
→ 폴백이 더하는 비용: p50 +12.5ms · p95 +16.3ms

--- 바닥(제품 밖) --------------------------------------------------------------
`node -e ''` (기동만)       n=10 p50=99ms
→ 표면 A 의 정상값 127ms 중 **99ms 가 Node 기동**이다. 제품이 통제하는 몫은 ~28ms.

================================================================
판정

1. **README 의 「실측 62ms · 폴백 102ms」는 두 표면 어느 쪽과도 맞지 않는다.**
   인프로세스는 2.6/18.9ms 로 훨씬 빠르고, wall-time 은 133/162ms 로 훨씬 느리다.
   숫자가 틀렸다기보다 **표면을 적지 않아 재현이 불가능**하다 — 읽는 사람이 어떻게 재도
   그 값이 안 나온다. 지연 주장에서 측정 표면은 값의 일부다.

2. **G9(「폴백 p95 < 150ms」)도 같은 모호성을 물려받는다.**
   - wall-time 으로 읽으면 **162ms — 미충족**
   - 인프로세스로 읽으면 **18.9ms — 8배 여유로 충족**
   같은 코드가 표면 선택만으로 통과·불통과가 갈린다. 이것이 라운드 3-G(103.5ms)와
   라운드 3-I(202.5ms) 감정자가 어긋난 이유이기도 하다 — **둘 다 정직했고 표면이 달랐다.**

3. 폴백이 더하는 비용 자체는 작다 — 100k줄·15MB 에서 **p95 +29ms(wall) / +16.3ms(인프로세스)**.
   저널 압축 없이도 비용이 한계 안이라는 [PERF-96] 의 결론은 이 측정으로도 지지된다.

4. wall-time 절대값은 **머신의 Node 기동에 지배**된다(여기선 99ms). 절대 문턱을 wall-time 에
   걸면 그 게이트는 제품이 아니라 측정 머신의 성질을 잰다.
